==============================================================================
Tags :: Tags in Robot Framework                                               
==============================================================================
Test Case 2                                                           This is test case 2
| PASS |
------------------------------------------------------------------------------
Tags :: Tags in Robot Framework                                       | PASS |
1 test, 1 passed, 0 failed
==============================================================================
Output:  D:\Training\Robot-Framework-master\Robot-Framework-master\Tests\pabot_results\1\output.xml
