==============================================================================
Tags :: Tags in Robot Framework                                               
==============================================================================
Test Case 1                                                           This is test case 1
| PASS |
------------------------------------------------------------------------------
Tags :: Tags in Robot Framework                                       | PASS |
1 test, 1 passed, 0 failed
==============================================================================
Output:  D:\Training\Robot-Framework-master\Robot-Framework-master\Tests\pabot_results\0\output.xml
