==============================================================================
Tags :: Tags in Robot Framework                                               
==============================================================================
Test Case 4                                                           This is test case 4
| PASS |
------------------------------------------------------------------------------
Tags :: Tags in Robot Framework                                       | PASS |
1 test, 1 passed, 0 failed
==============================================================================
Output:  D:\Training\Robot-Framework-master\Robot-Framework-master\Tests\pabot_results\3\output.xml
